<!DOCTYPE html>
<html lang="en">
<head>
<meta charset="UTF-8">
<!--[if IE]><meta http-equiv="X-UA-Compatible" content="IE=edge"><![endif]-->
<meta name="viewport" content="width=device-width, initial-scale=1.0">
<meta name="generator" content="Asciidoctor 1.5.0">
<title>Documentation</title>
<link rel="stylesheet" href="https://fonts.googleapis.com/css?family=Open+Sans:300,300italic,400,400italic,600,600italic|Noto+Serif:400,400italic,700,700italic|Droid+Sans+Mono:400">
<link rel="stylesheet" href="./asciidoctor.css">
</head>
<body class="article toc2 toc-right">
<div id="header">
<h1>Documentation</h1>
<div id="toc" class="toc2">
<div id="toctitle">Table of Contents</div>
<ul class="sectlevel1">
<li><a href="#_next_header">1. Next header</a></li>
<li><a href="#_header">2. Header</a></li>
<li><a href="#_header_2">3. Header</a></li>
<li><a href="#_header_3">4. Header</a></li>
</ul>
</div>
</div>
<div id="content">
<div id="preamble">
<div class="sectionbody">
<div class="paragraph">
<p>Here is some text.</p>
</div>
<div class="imageblock">
<div class="content">
<img src="architecture.png" alt="architecture.png">
</div>
</div>
<div class="paragraph">
<p><a href="architecture.adoc" class="bare">architecture.adoc</a></p>
</div>
</div>
</div>
<div class="sect1">
<h2 id="_next_header">1. Next header</h2>
<div class="sectionbody">

</div>
</div>
<div class="sect1">
<h2 id="_header">2. Header</h2>
<div class="sectionbody">

</div>
</div>
<div class="sect1">
<h2 id="_header_2">3. Header</h2>
<div class="sectionbody">

</div>
</div>
<div class="sect1">
<h2 id="_header_3">4. Header</h2>
<div class="sectionbody">

</div>
</div>
</div>
<div id="footer">
<div id="footer-text">
</div>
</div>
</body>
</html>
